#
# There is insufficient memory for the Java Runtime Environment to continue.
# Native memory allocation (malloc) failed to allocate 1048576 bytes for AllocateHeap
# Possible reasons:
#   The system is out of physical RAM or swap space
#   The process is running with CompressedOops enabled, and the Java Heap may be blocking the growth of the native heap
# Possible solutions:
#   Reduce memory load on the system
#   Increase physical memory or swap space
#   Check if swap backing store is full
#   Decrease Java heap size (-Xmx/-Xms)
#   Decrease number of Java threads
#   Decrease Java thread stack sizes (-Xss)
#   Set larger code cache with -XX:ReservedCodeCacheSize=
#   JVM is running with Unscaled Compressed Oops mode in which the Java heap is
#     placed in the first 4GB address space. The Java Heap base address is the
#     maximum limit for the native heap growth. Please use -XX:HeapBaseMinAddress
#     to set the Java Heap base and to place the Java Heap above 4GB virtual address.
# This output file may be truncated or incomplete.
#
#  Out of Memory Error (src/hotspot/share/memory/allocation.cpp:46), pid=1808, tid=15856
#
# JRE version: OpenJDK Runtime Environment (11.0.15) (build 11.0.15+0-b2043.56-8887301)
# Java VM: OpenJDK 64-Bit Server VM (11.0.15+0-b2043.56-8887301, mixed mode, tiered, compressed oops, g1 gc, windows-amd64)
# No core dump will be written. Minidumps are not enabled by default on client versions of Windows
#

---------------  S U M M A R Y ------------

Command Line: --add-opens=java.base/java.util=ALL-UNNAMED --add-opens=java.base/java.lang=ALL-UNNAMED --add-opens=java.base/java.lang.invoke=ALL-UNNAMED --add-opens=java.base/java.util=ALL-UNNAMED --add-opens=java.prefs/java.util.prefs=ALL-UNNAMED --add-opens=java.prefs/java.util.prefs=ALL-UNNAMED --add-opens=java.base/java.nio.charset=ALL-UNNAMED --add-opens=java.base/java.net=ALL-UNNAMED --add-opens=java.base/java.util.concurrent.atomic=ALL-UNNAMED -Xmx2048m -Dfile.encoding=UTF-8 -Duser.country=US -Duser.language=en -Duser.variant org.gradle.launcher.daemon.bootstrap.GradleDaemon 7.5

Host: Intel(R) Core(TM) i5-4200M CPU @ 2.50GHz, 4 cores, 11G,  Windows 10 , 64 bit Build 19041 (10.0.19041.3636)
Time: Mon Jun  3 17:39:30 2024 Pakistan Standard Time elapsed time: 14.053163 seconds (0d 0h 0m 14s)

---------------  T H R E A D  ---------------

Current thread (0x000001fbcc587000):  VMThread "VM Thread" [stack: 0x000000564e800000,0x000000564e900000] [id=15856]

Stack: [0x000000564e800000,0x000000564e900000]
[error occurred during error reporting (printing stack bounds), id 0xc0000005, EXCEPTION_ACCESS_VIOLATION (0xc0000005) at pc=0x000001fbb648112d]

Native frames: (J=compiled Java code, j=interpreted, Vv=VM code, C=native code)
V  [jvm.dll+0x64135a]
V  [jvm.dll+0x7d39f9]
V  [jvm.dll+0x7d51b9]
V  [jvm.dll+0x7d5805]
V  [jvm.dll+0x7d57bb]
V  [jvm.dll+0x640655]
V  [jvm.dll+0x640d68]
C  [ntdll.dll+0xa247f]
C  [ntdll.dll+0x514b4]
C  [ntdll.dll+0xa0f8e]
C  0x000001fbb648112d

VM_Operation (0x000000564fcf8400): CollectForMetadataAllocation, mode: safepoint, requested by thread 0x000001fbcd010800


---------------  P R O C E S S  ---------------

Threads class SMR info:
_java_thread_list=0x000001fbcf3dcd90, length=25, elements={
0x000001fbb077c800, 0x000001fbcc58a800, 0x000001fbcc58b800, 0x000001fbcc5a4000,
0x000001fbcc5a5000, 0x000001fbcc5a7800, 0x000001fbcc5aa800, 0x000001fbccf54800,
0x000001fbccf5d000, 0x000001fbcd06e000, 0x000001fbcf580000, 0x000001fbcdd2f000,
0x000001fbcfc48800, 0x000001fbcd44b000, 0x000001fbce127000, 0x000001fbcd00c000,
0x000001fbcd010800, 0x000001fbcf74e800, 0x000001fbcd1de800, 0x000001fbcfa5a800,
0x000001fbcfa25000, 0x000001fbcfa26000, 0x000001fbcfa24800, 0x000001fbcfa23800,
0x000001fbcfa26800
}

Java Threads: ( => current thread )
  0x000001fbb077c800 JavaThread "main" [_thread_blocked, id=12256, stack(0x000000564e200000,0x000000564e300000)]
  0x000001fbcc58a800 JavaThread "Reference Handler" daemon [_thread_blocked, id=12344, stack(0x000000564e900000,0x000000564ea00000)]
  0x000001fbcc58b800 JavaThread "Finalizer" daemon [_thread_blocked, id=13880, stack(0x000000564ea00000,0x000000564eb00000)]
  0x000001fbcc5a4000 JavaThread "Signal Dispatcher" daemon [_thread_blocked, id=14332, stack(0x000000564eb00000,0x000000564ec00000)]
  0x000001fbcc5a5000 JavaThread "Attach Listener" daemon [_thread_blocked, id=8900, stack(0x000000564ec00000,0x000000564ed00000)]
  0x000001fbcc5a7800 JavaThread "Service Thread" daemon [_thread_blocked, id=9220, stack(0x000000564ed00000,0x000000564ee00000)]
  0x000001fbcc5aa800 JavaThread "C2 CompilerThread0" daemon [_thread_blocked, id=9180, stack(0x000000564ee00000,0x000000564ef00000)]
  0x000001fbccf54800 JavaThread "C1 CompilerThread0" daemon [_thread_blocked, id=10364, stack(0x000000564ef00000,0x000000564f000000)]
  0x000001fbccf5d000 JavaThread "Sweeper thread" daemon [_thread_blocked, id=1448, stack(0x000000564f000000,0x000000564f100000)]
  0x000001fbcd06e000 JavaThread "Common-Cleaner" daemon [_thread_blocked, id=4088, stack(0x000000564f100000,0x000000564f200000)]
  0x000001fbcf580000 JavaThread "Daemon health stats" [_thread_blocked, id=2616, stack(0x000000564f700000,0x000000564f800000)]
  0x000001fbcdd2f000 JavaThread "Incoming local TCP Connector on port 62499" [_thread_in_native, id=6992, stack(0x000000564f600000,0x000000564f700000)]
  0x000001fbcfc48800 JavaThread "Daemon periodic checks" [_thread_blocked, id=12708, stack(0x000000564f800000,0x000000564f900000)]
  0x000001fbcd44b000 JavaThread "Daemon" [_thread_blocked, id=11644, stack(0x000000564f900000,0x000000564fa00000)]
  0x000001fbce127000 JavaThread "Handler for socket connection from /127.0.0.1:62499 to /127.0.0.1:62500" [_thread_in_native, id=13192, stack(0x000000564fa00000,0x000000564fb00000)]
  0x000001fbcd00c000 JavaThread "Cancel handler" [_thread_blocked, id=14864, stack(0x000000564fb00000,0x000000564fc00000)]
  0x000001fbcd010800 JavaThread "Daemon worker" [_thread_blocked, id=6340, stack(0x000000564fc00000,0x000000564fd00000)]
  0x000001fbcf74e800 JavaThread "Asynchronous log dispatcher for DefaultDaemonConnection: socket connection from /127.0.0.1:62499 to /127.0.0.1:62500" [_thread_blocked, id=15792, stack(0x000000564fd00000,0x000000564fe00000)]
  0x000001fbcd1de800 JavaThread "Stdin handler" [_thread_blocked, id=1220, stack(0x000000564fe00000,0x000000564ff00000)]
  0x000001fbcfa5a800 JavaThread "Daemon client event forwarder" [_thread_blocked, id=7464, stack(0x000000564ff00000,0x0000005650000000)]
  0x000001fbcfa25000 JavaThread "Cache worker for journal cache (C:\Users\hafiz\.gradle\caches\journal-1)" [_thread_blocked, id=15776, stack(0x0000005650000000,0x0000005650100000)]
  0x000001fbcfa26000 JavaThread "File lock request listener" [_thread_in_native, id=8772, stack(0x0000005650100000,0x0000005650200000)]
  0x000001fbcfa24800 JavaThread "Cache worker for file hash cache (C:\Users\hafiz\.gradle\caches\7.5\fileHashes)" [_thread_blocked, id=9908, stack(0x0000005650200000,0x0000005650300000)]
  0x000001fbcfa23800 JavaThread "File watcher server" daemon [_thread_in_native, id=476, stack(0x0000005650400000,0x0000005650500000)]
  0x000001fbcfa26800 JavaThread "File watcher consumer" daemon [_thread_blocked, id=2968, stack(0x0000005650300000,0x0000005650400000)]

Other Threads:
=>0x000001fbcc587000 VMThread "VM Thread" [stack: 0x000000564e800000,0x000000564e900000] [id=15856]
  0x000001fbcd095000 WatcherThread [stack: 0x000000564f200000,0x000000564f300000] [id=11500]
  0x000001fbb2971800 GCTaskThread "GC Thread#0" [stack: 0x000000564e300000,0x000000564e400000] [id=15384]
  0x000001fbcd2ac800 GCTaskThread "GC Thread#1" [stack: 0x000000564f300000,0x000000564f400000] [id=1588]
  0x000001fbcd658800 GCTaskThread "GC Thread#2" [stack: 0x000000564f400000,0x000000564f500000] [id=14784]
  0x000001fbcd8ff000 GCTaskThread "GC Thread#3" [stack: 0x000000564f500000,0x000000564f600000] [id=13484]
  0x000001fbb29a1000 ConcurrentGCThread "G1 Main Marker" [stack: 0x000000564e400000,0x000000564e500000] [id=4988]
  0x000001fbb29a3800 ConcurrentGCThread "G1 Conc#0" [stack: 0x000000564e500000,0x000000564e600000] [id=6036]
  0x000001fbcc3d4800 ConcurrentGCThread "G1 Refine#0" [stack: 0x000000564e600000,0x000000564e700000] [id=16244]
  0x000001fbcc3d5800 ConcurrentGCThread "G1 Young RemSet Sampling" [stack: 0x000000564e700000,0x000000564e800000] [id=14448]

Threads with active compile tasks:
C2 CompilerThread0    14066 2421   !   4       java.net.URL::<init> (543 bytes)

VM state:at safepoint (normal execution)

VM Mutex/Monitor currently owned by a thread:  ([mutex/lock_event])
[0x000001fbb2959610] Threads_lock - owner thread: 0x000001fbcc587000
[0x000001fbb295a150] Heap_lock - owner thread: 0x000001fbcd010800

Heap address: 0x0000000080000000, size: 2048 MB, Compressed Oops mode: 32-bit
Narrow klass base: 0x0000000000000000, Narrow klass shift: 3
Compressed class space size: 1073741824 Address: 0x0000000100000000

Heap:
 garbage-first heap   total 188416K, used 19498K [0x0000000080000000, 0x0000000100000000)
  region size 1024K, 6 young (6144K), 6 survivors (6144K)
 Metaspace       used 27329K, capacity 28045K, committed 28156K, reserved 1081344K
  class space    used 3564K, capacity 3847K, committed 3916K, reserved 1048576K
Heap Regions: E=young(eden), S=young(survivor), O=old, HS=humongous(starts), HC=humongous(continues), CS=collection set, F=free, A=archive, TAMS=top-at-mark-start (previous, next)
|   0|0x0000000080000000, 0x0000000080100000, 0x0000000080100000|100%|HS|  |TAMS 0x0000000080100000, 0x0000000080100000| Complete 
|   1|0x0000000080100000, 0x0000000080200000, 0x0000000080200000|100%|HC|  |TAMS 0x0000000080200000, 0x0000000080200000| Complete 
|   2|0x0000000080200000, 0x0000000080300000, 0x0000000080300000|100%|HC|  |TAMS 0x0000000080300000, 0x0000000080300000| Complete 
|   3|0x0000000080300000, 0x0000000080400000, 0x0000000080400000|100%| O|  |TAMS 0x0000000080400000, 0x0000000080400000| Untracked 
|   4|0x0000000080400000, 0x0000000080500000, 0x0000000080500000|100%| O|  |TAMS 0x0000000080500000, 0x0000000080500000| Untracked 
|   5|0x0000000080500000, 0x0000000080600000, 0x0000000080600000|100%| O|  |TAMS 0x0000000080600000, 0x0000000080600000| Untracked 
|   6|0x0000000080600000, 0x0000000080700000, 0x0000000080700000|100%| O|  |TAMS 0x0000000080700000, 0x0000000080700000| Untracked 
|   7|0x0000000080700000, 0x0000000080800000, 0x0000000080800000|100%| O|  |TAMS 0x0000000080800000, 0x0000000080800000| Untracked 
|   8|0x0000000080800000, 0x0000000080900000, 0x0000000080900000|100%| O|  |TAMS 0x0000000080900000, 0x0000000080900000| Untracked 
|   9|0x0000000080900000, 0x0000000080a00000, 0x0000000080a00000|100%| O|  |TAMS 0x0000000080a00000, 0x0000000080a00000| Untracked 
|  10|0x0000000080a00000, 0x0000000080b00000, 0x0000000080b00000|100%| O|  |TAMS 0x0000000080b00000, 0x0000000080b00000| Untracked 
|  11|0x0000000080b00000, 0x0000000080c00000, 0x0000000080c00000|100%| O|  |TAMS 0x0000000080c00000, 0x0000000080c00000| Untracked 
|  12|0x0000000080c00000, 0x0000000080d00000, 0x0000000080d00000|100%| O|  |TAMS 0x0000000080d00000, 0x0000000080d00000| Untracked 
|  13|0x0000000080d00000, 0x0000000080d15600, 0x0000000080e00000|  8%| O|  |TAMS 0x0000000080d15600, 0x0000000080d15600| Untracked 
|  14|0x0000000080e00000, 0x0000000080e00000, 0x0000000080f00000|  0%| F|  |TAMS 0x0000000080e00000, 0x0000000080e00000| Untracked 
|  15|0x0000000080f00000, 0x0000000080f00000, 0x0000000081000000|  0%| F|  |TAMS 0x0000000080f00000, 0x0000000080f00000| Untracked 
|  16|0x0000000081000000, 0x0000000081000000, 0x0000000081100000|  0%| F|  |TAMS 0x0000000081000000, 0x0000000081000000| Untracked 
|  17|0x0000000081100000, 0x0000000081100000, 0x0000000081200000|  0%| F|  |TAMS 0x0000000081100000, 0x0000000081100000| Untracked 
|  18|0x0000000081200000, 0x0000000081200000, 0x0000000081300000|  0%| F|  |TAMS 0x0000000081200000, 0x0000000081200000| Untracked 
|  19|0x0000000081300000, 0x0000000081300000, 0x0000000081400000|  0%| F|  |TAMS 0x0000000081300000, 0x0000000081300000| Untracked 
|  20|0x0000000081400000, 0x0000000081400000, 0x0000000081500000|  0%| F|  |TAMS 0x0000000081400000, 0x0000000081400000| Untracked 
|  21|0x0000000081500000, 0x0000000081500000, 0x0000000081600000|  0%| F|  |TAMS 0x0000000081500000, 0x0000000081500000| Untracked 
|  22|0x0000000081600000, 0x0000000081600000, 0x0000000081700000|  0%| F|  |TAMS 0x0000000081600000, 0x0000000081600000| Untracked 
|  23|0x0000000081700000, 0x0000000081700000, 0x0000000081800000|  0%| F|  |TAMS 0x0000000081700000, 0x0000000081700000| Untracked 
|  24|0x0000000081800000, 0x0000000081800000, 0x0000000081900000|  0%| F|  |TAMS 0x0000000081800000, 0x0000000081800000| Untracked 
|  25|0x0000000081900000, 0x0000000081900000, 0x0000000081a00000|  0%| F|  |TAMS 0x0000000081900000, 0x0000000081900000| Untracked 
|  26|0x0000000081a00000, 0x0000000081a00000, 0x0000000081b00000|  0%| F|  |TAMS 0x0000000081a00000, 0x0000000081a00000| Untracked 
|  27|0x0000000081b00000, 0x0000000081b00000, 0x0000000081c00000|  0%| F|  |TAMS 0x0000000081b00000, 0x0000000081b00000| Untracked 
|  28|0x0000000081c00000, 0x0000000081c00000, 0x0000000081d00000|  0%| F|  |TAMS 0x0000000081c00000, 0x0000000081c00000| Untracked 
|  29|0x0000000081d00000, 0x0000000081d00000, 0x0000000081e00000|  0%| F|  |TAMS 0x0000000081d00000, 0x0000000081d00000| Untracked 
|  30|0x0000000081e00000, 0x0000000081e00000, 0x0000000081f00000|  0%| F|  |TAMS 0x0000000081e00000, 0x0000000081e00000| Untracked 
|  31|0x0000000081f00000, 0x0000000081f00000, 0x0000000082000000|  0%| F|  |TAMS 0x0000000081f00000, 0x0000000081f00000| Untracked 
|  32|0x0000000082000000, 0x0000000082000000, 0x0000000082100000|  0%| F|  |TAMS 0x0000000082000000, 0x0000000082000000| Untracked 
|  33|0x0000000082100000, 0x0000000082100000, 0x0000000082200000|  0%| F|  |TAMS 0x0000000082100000, 0x0000000082100000| Untracked 
|  34|0x0000000082200000, 0x0000000082200000, 0x0000000082300000|  0%| F|  |TAMS 0x0000000082200000, 0x0000000082200000| Untracked 
|  35|0x0000000082300000, 0x0000000082300000, 0x0000000082400000|  0%| F|  |TAMS 0x0000000082300000, 0x0000000082300000| Untracked 
|  36|0x0000000082400000, 0x0000000082400000, 0x0000000082500000|  0%| F|  |TAMS 0x0000000082400000, 0x0000000082400000| Untracked 
|  37|0x0000000082500000, 0x0000000082500000, 0x0000000082600000|  0%| F|  |TAMS 0x0000000082500000, 0x0000000082500000| Untracked 
|  38|0x0000000082600000, 0x0000000082600000, 0x0000000082700000|  0%| F|  |TAMS 0x0000000082600000, 0x0000000082600000| Untracked 
|  39|0x0000000082700000, 0x0000000082700000, 0x0000000082800000|  0%| F|  |TAMS 0x0000000082700000, 0x0000000082700000| Untracked 
|  40|0x0000000082800000, 0x0000000082800000, 0x0000000082900000|  0%| F|  |TAMS 0x0000000082800000, 0x0000000082800000| Untracked 
|  41|0x0000000082900000, 0x0000000082900000, 0x0000000082a00000|  0%| F|  |TAMS 0x0000000082900000, 0x0000000082900000| Untracked 
|  42|0x0000000082a00000, 0x0000000082a00000, 0x0000000082b00000|  0%| F|  |TAMS 0x0000000082a00000, 0x0000000082a00000| Untracked 
|  43|0x0000000082b00000, 0x0000000082b00000, 0x0000000082c00000|  0%| F|  |TAMS 0x0000000082b00000, 0x0000000082b00000| Untracked 
|  44|0x0000000082c00000, 0x0000000082c00000, 0x0000000082d00000|  0%| F|  |TAMS 0x0000000082c00000, 0x0000000082c00000| Untracked 
|  45|0x0000000082d00000, 0x0000000082d00000, 0x0000000082e00000|  0%| F|  |TAMS 0x0000000082d00000, 0x0000000082d00000| Untracked 
|  46|0x0000000082e00000, 0x0000000082e00000, 0x0000000082f00000|  0%| F|  |TAMS 0x0000000082e00000, 0x0000000082e00000| Untracked 
|  47|0x0000000082f00000, 0x0000000082f00000, 0x0000000083000000|  0%| F|  |TAMS 0x0000000082f00000, 0x0000000082f00000| Untracked 
|  48|0x0000000083000000, 0x0000000083000000, 0x0000000083100000|  0%| F|  |TAMS 0x0000000083000000, 0x0000000083000000| Untracked 
|  49|0x0000000083100000, 0x0000000083100000, 0x0000000083200000|  0%| F|  |TAMS 0x0000000083100000, 0x0000000083100000| Untracked 
|  50|0x0000000083200000, 0x0000000083200000, 0x0000000083300000|  0%| F|  |TAMS 0x0000000083200000, 0x0000000083200000| Untracked 
|  51|0x0000000083300000, 0x0000000083300000, 0x0000000083400000|  0%| F|  |TAMS 0x0000000083300000, 0x0000000083300000| Untracked 
|  52|0x0000000083400000, 0x0000000083400000, 0x0000000083500000|  0%| F|  |TAMS 0x0000000083400000, 0x0000000083400000| Untracked 
|  53|0x0000000083500000, 0x0000000083500000, 0x0000000083600000|  0%| F|  |TAMS 0x0000000083500000, 0x0000000083500000| Untracked 
|  54|0x0000000083600000, 0x0000000083600000, 0x0000000083700000|  0%| F|  |TAMS 0x0000000083600000, 0x0000000083600000| Untracked 
|  55|0x0000000083700000, 0x0000000083700000, 0x0000000083800000|  0%| F|  |TAMS 0x0000000083700000, 0x0000000083700000| Untracked 
|  56|0x0000000083800000, 0x0000000083800000, 0x0000000083900000|  0%| F|  |TAMS 0x0000000083800000, 0x0000000083800000| Untracked 
|  57|0x0000000083900000, 0x0000000083900000, 0x0000000083a00000|  0%| F|  |TAMS 0x0000000083900000, 0x0000000083900000| Untracked 
|  58|0x0000000083a00000, 0x0000000083a00000, 0x0000000083b00000|  0%| F|  |TAMS 0x0000000083a00000, 0x0000000083a00000| Untracked 
|  59|0x0000000083b00000, 0x0000000083b00000, 0x0000000083c00000|  0%| F|  |TAMS 0x0000000083b00000, 0x0000000083b00000| Untracked 
|  60|0x0000000083c00000, 0x0000000083c00000, 0x0000000083d00000|  0%| F|  |TAMS 0x0000000083c00000, 0x0000000083c00000| Untracked 
|  61|0x0000000083d00000, 0x0000000083d00000, 0x0000000083e00000|  0%| F|  |TAMS 0x0000000083d00000, 0x0000000083d00000| Untracked 
|  62|0x0000000083e00000, 0x0000000083e00000, 0x0000000083f00000|  0%| F|  |TAMS 0x0000000083e00000, 0x0000000083e00000| Untracked 
|  63|0x0000000083f00000, 0x0000000083f00000, 0x0000000084000000|  0%| F|  |TAMS 0x0000000083f00000, 0x0000000083f00000| Untracked 
|  64|0x0000000084000000, 0x0000000084000000, 0x0000000084100000|  0%| F|  |TAMS 0x0000000084000000, 0x0000000084000000| Untracked 
|  65|0x0000000084100000, 0x0000000084100000, 0x0000000084200000|  0%| F|  |TAMS 0x0000000084100000, 0x0000000084100000| Untracked 
|  66|0x0000000084200000, 0x0000000084200000, 0x0000000084300000|  0%| F|  |TAMS 0x0000000084200000, 0x0000000084200000| Untracked 
|  67|0x0000000084300000, 0x0000000084300000, 0x0000000084400000|  0%| F|  |TAMS 0x0000000084300000, 0x0000000084300000| Untracked 
|  68|0x0000000084400000, 0x0000000084400000, 0x0000000084500000|  0%| F|  |TAMS 0x0000000084400000, 0x0000000084400000| Untracked 
|  69|0x0000000084500000, 0x0000000084500000, 0x0000000084600000|  0%| F|  |TAMS 0x0000000084500000, 0x0000000084500000| Untracked 
|  70|0x0000000084600000, 0x0000000084600000, 0x0000000084700000|  0%| F|  |TAMS 0x0000000084600000, 0x0000000084600000| Untracked 
|  71|0x0000000084700000, 0x0000000084700000, 0x0000000084800000|  0%| F|  |TAMS 0x0000000084700000, 0x0000000084700000| Untracked 
|  72|0x0000000084800000, 0x0000000084800000, 0x0000000084900000|  0%| F|  |TAMS 0x0000000084800000, 0x0000000084800000| Untracked 
|  73|0x0000000084900000, 0x0000000084900000, 0x0000000084a00000|  0%| F|  |TAMS 0x0000000084900000, 0x0000000084900000| Untracked 
|  74|0x0000000084a00000, 0x0000000084a00000, 0x0000000084b00000|  0%| F|  |TAMS 0x0000000084a00000, 0x0000000084a00000| Untracked 
|  75|0x0000000084b00000, 0x0000000084b00000, 0x0000000084c00000|  0%| F|  |TAMS 0x0000000084b00000, 0x0000000084b00000| Untracked 
|  76|0x0000000084c00000, 0x0000000084c00000, 0x0000000084d00000|  0%| F|  |TAMS 0x0000000084c00000, 0x0000000084c00000| Untracked 
|  77|0x0000000084d00000, 0x0000000084d00000, 0x0000000084e00000|  0%| F|  |TAMS 0x0000000084d00000, 0x0000000084d00000| Untracked 
|  78|0x0000000084e00000, 0x0000000084e00000, 0x0000000084f00000|  0%| F|  |TAMS 0x0000000084e00000, 0x0000000084e00000| Untracked 
|  79|0x0000000084f00000, 0x0000000084f00000, 0x0000000085000000|  0%| F|  |TAMS 0x0000000084f00000, 0x0000000084f00000| Untracked 
|  80|0x0000000085000000, 0x0000000085000000, 0x0000000085100000|  0%| F|  |TAMS 0x0000000085000000, 0x0000000085000000| Untracked 
|  81|0x0000000085100000, 0x0000000085100000, 0x0000000085200000|  0%| F|  |TAMS 0x0000000085100000, 0x0000000085100000| Untracked 
|  82|0x0000000085200000, 0x0000000085200000, 0x0000000085300000|  0%| F|  |TAMS 0x0000000085200000, 0x0000000085200000| Untracked 
|  83|0x0000000085300000, 0x0000000085300000, 0x0000000085400000|  0%| F|  |TAMS 0x0000000085300000, 0x0000000085300000| Untracked 
|  84|0x0000000085400000, 0x0000000085400000, 0x0000000085500000|  0%| F|  |TAMS 0x0000000085400000, 0x0000000085400000| Untracked 
|  85|0x0000000085500000, 0x0000000085500000, 0x0000000085600000|  0%| F|  |TAMS 0x0000000085500000, 0x0000000085500000| Untracked 
|  86|0x0000000085600000, 0x0000000085600000, 0x0000000085700000|  0%| F|  |TAMS 0x0000000085600000, 0x0000000085600000| Untracked 
|  87|0x0000000085700000, 0x0000000085700000, 0x0000000085800000|  0%| F|  |TAMS 0x0000000085700000, 0x0000000085700000| Untracked 
|  88|0x0000000085800000, 0x0000000085800000, 0x0000000085900000|  0%| F|  |TAMS 0x0000000085800000, 0x0000000085800000| Untracked 
|  89|0x0000000085900000, 0x0000000085900000, 0x0000000085a00000|  0%| F|  |TAMS 0x0000000085900000, 0x0000000085900000| Untracked 
|  90|0x0000000085a00000, 0x0000000085a00000, 0x0000000085b00000|  0%| F|  |TAMS 0x0000000085a00000, 0x0000000085a00000| Untracked 
|  91|0x0000000085b00000, 0x0000000085b00000, 0x0000000085c00000|  0%| F|  |TAMS 0x0000000085b00000, 0x0000000085b00000| Untracked 
|  92|0x0000000085c00000, 0x0000000085c00000, 0x0000000085d00000|  0%| F|  |TAMS 0x0000000085c00000, 0x0000000085c00000| Untracked 
|  93|0x0000000085d00000, 0x0000000085d00000, 0x0000000085e00000|  0%| F|  |TAMS 0x0000000085d00000, 0x0000000085d00000| Untracked 
|  94|0x0000000085e00000, 0x0000000085e00000, 0x0000000085f00000|  0%| F|  |TAMS 0x0000000085e00000, 0x0000000085e00000| Untracked 
|  95|0x0000000085f00000, 0x0000000085f00000, 0x0000000086000000|  0%| F|  |TAMS 0x0000000085f00000, 0x0000000085f00000| Untracked 
|  96|0x0000000086000000, 0x0000000086000000, 0x0000000086100000|  0%| F|  |TAMS 0x0000000086000000, 0x0000000086000000| Untracked 
|  97|0x0000000086100000, 0x0000000086100000, 0x0000000086200000|  0%| F|  |TAMS 0x0000000086100000, 0x0000000086100000| Untracked 
|  98|0x0000000086200000, 0x0000000086200000, 0x0000000086300000|  0%| F|  |TAMS 0x0000000086200000, 0x0000000086200000| Untracked 
|  99|0x0000000086300000, 0x0000000086300000, 0x0000000086400000|  0%| F|  |TAMS 0x0000000086300000, 0x0000000086300000| Untracked 
| 100|0x0000000086400000, 0x0000000086400000, 0x0000000086500000|  0%| F|  |TAMS 0x0000000086400000, 0x0000000086400000| Untracked 
| 101|0x0000000086500000, 0x0000000086500000, 0x0000000086600000|  0%| F|  |TAMS 0x0000000086500000, 0x0000000086500000| Untracked 
| 102|0x0000000086600000, 0x0000000086600000, 0x0000000086700000|  0%| F|  |TAMS 0x0000000086600000, 0x0000000086600000| Untracked 
| 103|0x0000000086700000, 0x0000000086700000, 0x0000000086800000|  0%| F|  |TAMS 0x0000000086700000, 0x0000000086700000| Untracked 
| 104|0x0000000086800000, 0x0000000086800000, 0x0000000086900000|  0%| F|  |TAMS 0x0000000086800000, 0x0000000086800000| Untracked 
| 105|0x0000000086900000, 0x0000000086900000, 0x0000000086a00000|  0%| F|  |TAMS 0x0000000086900000, 0x0000000086900000| Untracked 
| 106|0x0000000086a00000, 0x0000000086a00000, 0x0000000086b00000|  0%| F|  |TAMS 0x0000000086a00000, 0x0000000086a00000| Untracked 
| 107|0x0000000086b00000, 0x0000000086b00000, 0x0000000086c00000|  0%| F|  |TAMS 0x0000000086b00000, 0x0000000086b00000| Untracked 
| 108|0x0000000086c00000, 0x0000000086c00000, 0x0000000086d00000|  0%| F|  |TAMS 0x0000000086c00000, 0x0000000086c00000| Untracked 
| 109|0x0000000086d00000, 0x0000000086d00000, 0x0000000086e00000|  0%| F|  |TAMS 0x0000000086d00000, 0x0000000086d00000| Untracked 
| 110|0x0000000086e00000, 0x0000000086e00000, 0x0000000086f00000|  0%| F|  |TAMS 0x0000000086e00000, 0x0000000086e00000| Untracked 
| 111|0x0000000086f00000, 0x0000000086f00000, 0x0000000087000000|  0%| F|  |TAMS 0x0000000086f00000, 0x0000000086f00000| Untracked 
| 112|0x0000000087000000, 0x0000000087000000, 0x0000000087100000|  0%| F|  |TAMS 0x0000000087000000, 0x0000000087000000| Untracked 
| 113|0x0000000087100000, 0x0000000087100000, 0x0000000087200000|  0%| F|  |TAMS 0x0000000087100000, 0x0000000087100000| Untracked 
| 114|0x0000000087200000, 0x0000000087200000, 0x0000000087300000|  0%| F|  |TAMS 0x0000000087200000, 0x0000000087200000| Untracked 
| 115|0x0000000087300000, 0x0000000087300000, 0x0000000087400000|  0%| F|  |TAMS 0x0000000087300000, 0x0000000087300000| Untracked 
| 116|0x0000000087400000, 0x00000000874f53d0, 0x0000000087500000| 95%| S|CS|TAMS 0x0000000087400000, 0x0000000087400000| Complete 
| 117|0x0000000087500000, 0x0000000087600000, 0x0000000087600000|100%| S|CS|TAMS 0x0000000087500000, 0x0000000087500000| Complete 
| 118|0x0000000087600000, 0x0000000087700000, 0x0000000087700000|100%| S|CS|TAMS 0x0000000087600000, 0x0000000087600000| Complete 
| 119|0x0000000087700000, 0x0000000087800000, 0x0000000087800000|100%| S|CS|TAMS 0x0000000087700000, 0x0000000087700000| Complete 
| 120|0x0000000087800000, 0x0000000087900000, 0x0000000087900000|100%| S|CS|TAMS 0x0000000087800000, 0x0000000087800000| Complete 
| 121|0x0000000087900000, 0x0000000087a00000, 0x0000000087a00000|100%| S|CS|TAMS 0x0000000087900000, 0x0000000087900000| Complete 
| 122|0x0000000087a00000, 0x0000000087a00000, 0x0000000087b00000|  0%| F|  |TAMS 0x0000000087a00000, 0x0000000087a00000| Untracked 
| 123|0x0000000087b00000, 0x0000000087b00000, 0x0000000087c00000|  0%| F|  |TAMS 0x0000000087b00000, 0x0000000087b00000| Untracked 
| 124|0x0000000087c00000, 0x0000000087c00000, 0x0000000087d00000|  0%| F|  |TAMS 0x0000000087c00000, 0x0000000087c00000| Untracked 
| 125|0x0000000087d00000, 0x0000000087d00000, 0x0000000087e00000|  0%| F|  |TAMS 0x0000000087d00000, 0x0000000087d00000| Untracked 
| 126|0x0000000087e00000, 0x0000000087e00000, 0x0000000087f00000|  0%| F|  |TAMS 0x0000000087e00000, 0x0000000087e00000| Untracked 
| 127|0x0000000087f00000, 0x0000000087f00000, 0x0000000088000000|  0%| F|  |TAMS 0x0000000087f00000, 0x0000000087f00000| Untracked 
| 128|0x0000000088000000, 0x0000000088000000, 0x0000000088100000|  0%| F|  |TAMS 0x0000000088000000, 0x0000000088000000| Untracked 
| 129|0x0000000088100000, 0x0000000088100000, 0x0000000088200000|  0%| F|  |TAMS 0x0000000088100000, 0x0000000088100000| Untracked 
| 130|0x0000000088200000, 0x0000000088200000, 0x0000000088300000|  0%| F|  |TAMS 0x0000000088200000, 0x0000000088200000| Untracked 
| 131|0x0000000088300000, 0x0000000088300000, 0x0000000088400000|  0%| F|  |TAMS 0x0000000088300000, 0x0000000088300000| Untracked 
| 132|0x0000000088400000, 0x0000000088400000, 0x0000000088500000|  0%| F|  |TAMS 0x0000000088400000, 0x0000000088400000| Untracked 
| 133|0x0000000088500000, 0x0000000088500000, 0x0000000088600000|  0%| F|  |TAMS 0x0000000088500000, 0x0000000088500000| Untracked 
| 134|0x0000000088600000, 0x0000000088600000, 0x0000000088700000|  0%| F|  |TAMS 0x0000000088600000, 0x0000000088600000| Untracked 
| 135|0x0000000088700000, 0x0000000088700000, 0x0000000088800000|  0%| F|  |TAMS 0x0000000088700000, 0x0000000088700000| Untracked 
| 136|0x0000000088800000, 0x0000000088800000, 0x0000000088900000|  0%| F|  |TAMS 0x0000000088800000, 0x0000000088800000| Untracked 
| 137|0x0000000088900000, 0x0000000088900000, 0x0000000088a00000|  0%| F|  |TAMS 0x0000000088900000, 0x0000000088900000| Untracked 
| 138|0x0000000088a00000, 0x0000000088a00000, 0x0000000088b00000|  0%| F|  |TAMS 0x0000000088a00000, 0x0000000088a00000| Untracked 
| 139|0x0000000088b00000, 0x0000000088b00000, 0x0000000088c00000|  0%| F|  |TAMS 0x0000000088b00000, 0x0000000088b00000| Untracked 
| 140|0x0000000088c00000, 0x0000000088c00000, 0x0000000088d00000|  0%| F|  |TAMS 0x0000000088c00000, 0x0000000088c00000| Untracked 
| 141|0x0000000088d00000, 0x0000000088d00000, 0x0000000088e00000|  0%| F|  |TAMS 0x0000000088d00000, 0x0000000088d00000| Untracked 
| 142|0x0000000088e00000, 0x0000000088e00000, 0x0000000088f00000|  0%| F|  |TAMS 0x0000000088e00000, 0x0000000088e00000| Untracked 
| 143|0x0000000088f00000, 0x0000000088f00000, 0x0000000089000000|  0%| F|  |TAMS 0x0000000088f00000, 0x0000000088f00000| Untracked 
| 144|0x0000000089000000, 0x0000000089000000, 0x0000000089100000|  0%| F|  |TAMS 0x0000000089000000, 0x0000000089000000| Untracked 
| 145|0x0000000089100000, 0x0000000089100000, 0x0000000089200000|  0%| F|  |TAMS 0x0000000089100000, 0x0000000089100000| Untracked 
| 146|0x0000000089200000, 0x0000000089200000, 0x0000000089300000|  0%| F|  |TAMS 0x0000000089200000, 0x0000000089200000| Untracked 
| 147|0x0000000089300000, 0x0000000089300000, 0x0000000089400000|  0%| F|  |TAMS 0x0000000089300000, 0x0000000089300000| Untracked 
| 148|0x0000000089400000, 0x0000000089400000, 0x0000000089500000|  0%| F|  |TAMS 0x0000000089400000, 0x0000000089400000| Untracked 
| 149|0x0000000089500000, 0x0000000089500000, 0x0000000089600000|  0%| F|  |TAMS 0x0000000089500000, 0x0000000089500000| Untracked 
| 150|0x0000000089600000, 0x0000000089600000, 0x0000000089700000|  0%| F|  |TAMS 0x0000000089600000, 0x0000000089600000| Untracked 
| 151|0x0000000089700000, 0x0000000089700000, 0x0000000089800000|  0%| F|  |TAMS 0x0000000089700000, 0x0000000089700000| Untracked 
| 152|0x0000000089800000, 0x0000000089800000, 0x0000000089900000|  0%| F|  |TAMS 0x0000000089800000, 0x0000000089800000| Untracked 
| 153|0x0000000089900000, 0x0000000089900000, 0x0000000089a00000|  0%| F|  |TAMS 0x0000000089900000, 0x0000000089900000| Untracked 
| 154|0x0000000089a00000, 0x0000000089a00000, 0x0000000089b00000|  0%| F|  |TAMS 0x0000000089a00000, 0x0000000089a00000| Untracked 
| 155|0x0000000089b00000, 0x0000000089b00000, 0x0000000089c00000|  0%| F|  |TAMS 0x0000000089b00000, 0x0000000089b00000| Untracked 
| 156|0x0000000089c00000, 0x0000000089c00000, 0x0000000089d00000|  0%| F|  |TAMS 0x0000000089c00000, 0x0000000089c00000| Untracked 
| 157|0x0000000089d00000, 0x0000000089d00000, 0x0000000089e00000|  0%| F|  |TAMS 0x0000000089d00000, 0x0000000089d00000| Untracked 
| 158|0x0000000089e00000, 0x0000000089e00000, 0x0000000089f00000|  0%| F|  |TAMS 0x0000000089e00000, 0x0000000089e00000| Untracked 
| 159|0x0000000089f00000, 0x0000000089f00000, 0x000000008a000000|  0%| F|  |TAMS 0x0000000089f00000, 0x0000000089f00000| Untracked 
| 160|0x000000008a000000, 0x000000008a000000, 0x000000008a100000|  0%| F|  |TAMS 0x000000008a000000, 0x000000008a000000| Untracked 
| 161|0x000000008a100000, 0x000000008a100000, 0x000000008a200000|  0%| F|  |TAMS 0x000000008a100000, 0x000000008a100000| Untracked 
| 162|0x000000008a200000, 0x000000008a200000, 0x000000008a300000|  0%| F|  |TAMS 0x000000008a200000, 0x000000008a200000| Untracked 
| 163|0x000000008a300000, 0x000000008a300000, 0x000000008a400000|  0%| F|  |TAMS 0x000000008a300000, 0x000000008a300000| Untracked 
| 164|0x000000008a400000, 0x000000008a400000, 0x000000008a500000|  0%| F|  |TAMS 0x000000008a400000, 0x000000008a400000| Untracked 
| 165|0x000000008a500000, 0x000000008a500000, 0x000000008a600000|  0%| F|  |TAMS 0x000000008a500000, 0x000000008a500000| Untracked 
| 166|0x000000008a600000, 0x000000008a600000, 0x000000008a700000|  0%| F|  |TAMS 0x000000008a600000, 0x000000008a600000| Untracked 
| 167|0x000000008a700000, 0x000000008a700000, 0x000000008a800000|  0%| F|  |TAMS 0x000000008a700000, 0x000000008a700000| Untracked 
| 168|0x000000008a800000, 0x000000008a800000, 0x000000008a900000|  0%| F|  |TAMS 0x000000008a800000, 0x000000008a800000| Untracked 
| 169|0x000000008a900000, 0x000000008a900000, 0x000000008aa00000|  0%| F|  |TAMS 0x000000008a900000, 0x000000008a900000| Untracked 
| 170|0x000000008aa00000, 0x000000008aa00000, 0x000000008ab00000|  0%| F|  |TAMS 0x000000008aa00000, 0x000000008aa00000| Untracked 
| 171|0x000000008ab00000, 0x000000008ab00000, 0x000000008ac00000|  0%| F|  |TAMS 0x000000008ab00000, 0x000000008ab00000| Untracked 
| 172|0x000000008ac00000, 0x000000008ac00000, 0x000000008ad00000|  0%| F|  |TAMS 0x000000008ac00000, 0x000000008ac00000| Untracked 
| 173|0x000000008ad00000, 0x000000008ad00000, 0x000000008ae00000|  0%| F|  |TAMS 0x000000008ad00000, 0x000000008ad00000| Untracked 
| 174|0x000000008ae00000, 0x000000008ae00000, 0x000000008af00000|  0%| F|  |TAMS 0x000000008ae00000, 0x000000008ae00000| Untracked 
| 175|0x000000008af00000, 0x000000008af00000, 0x000000008b000000|  0%| F|  |TAMS 0x000000008af00000, 0x000000008af00000| Untracked 
| 176|0x000000008b000000, 0x000000008b000000, 0x000000008b100000|  0%| F|  |TAMS 0x000000008b000000, 0x000000008b000000| Untracked 
| 177|0x000000008b100000, 0x000000008b100000, 0x000000008b200000|  0%| F|  |TAMS 0x000000008b100000, 0x000000008b100000| Untracked 
| 178|0x000000008b200000, 0x000000008b200000, 0x000000008b300000|  0%| F|  |TAMS 0x000000008b200000, 0x000000008b200000| Untracked 
| 179|0x000000008b300000, 0x000000008b300000, 0x000000008b400000|  0%| F|  |TAMS 0x000000008b300000, 0x000000008b300000| Untracked 
| 180|0x000000008b400000, 0x000000008b400000, 0x000000008b500000|  0%| F|  |TAMS 0x000000008b400000, 0x000000008b400000| Untracked 
| 181|0x000000008b500000, 0x000000008b500000, 0x000000008b600000|  0%| F|  |TAMS 0x000000008b500000, 0x000000008b500000| Untracked 
| 182|0x000000008b600000, 0x000000008b600000, 0x000000008b700000|  0%| F|  |TAMS 0x000000008b600000, 0x000000008b600000| Untracked 
| 183|0x000000008b700000, 0x000000008b700000, 0x000000008b800000|  0%| F|  |TAMS 0x000000008b700000, 0x000000008b700000| Untracked 

Card table byte_map: [0x000001fbc5880000,0x000001fbc5c80000] _byte_map_base: 0x000001fbc5480000

Marking Bits (Prev, Next): (CMBitMap*) 0x000001fbb2998100, (CMBitMap*) 0x000001fbb29980c8
 Prev Bits: [0x000001fbc8080000, 0x000001fbca080000)
 Next Bits: [0x000001fbc6080000, 0x000001fbc8080000)

Polling page: 0x000001fbb0890000

Metaspace:

Usage:
  Non-class:     23.63 MB capacity,    23.21 MB ( 98%) used,   372.21 KB (  2%) free+waste,    60.94 KB ( <1%) overhead. 
      Class:      3.76 MB capacity,     3.48 MB ( 93%) used,   251.35 KB (  7%) free+waste,    31.12 KB ( <1%) overhead. 
       Both:     27.39 MB capacity,    26.69 MB ( 97%) used,   623.56 KB (  2%) free+waste,    92.06 KB ( <1%) overhead. 

Virtual space:
  Non-class space:       32.00 MB reserved,      23.67 MB ( 74%) committed 
      Class space:        1.00 GB reserved,       3.82 MB ( <1%) committed 
             Both:        1.03 GB reserved,      27.50 MB (  3%) committed 

Chunk freelists:
   Non-Class:  42.00 KB
       Class:  0 bytes
        Both:  42.00 KB

MaxMetaspaceSize: 17179869184.00 GB
CompressedClassSpaceSize: 1.00 GB
Initial GC threshold: 20.80 MB
Current GC threshold: 35.53 MB
CDS: off

CodeHeap 'non-profiled nmethods': size=120064Kb used=1392Kb max_used=1392Kb free=118671Kb
 bounds [0x000001fbbdf40000, 0x000001fbbe1b0000, 0x000001fbc5480000]
CodeHeap 'profiled nmethods': size=120000Kb used=5129Kb max_used=5129Kb free=114870Kb
 bounds [0x000001fbb6a10000, 0x000001fbb6f20000, 0x000001fbbdf40000]
CodeHeap 'non-nmethods': size=5696Kb used=1231Kb max_used=1282Kb free=4464Kb
 bounds [0x000001fbb6480000, 0x000001fbb66f0000, 0x000001fbb6a10000]
 total_blobs=2938 nmethods=2428 adapters=422
 compilation: enabled
              stopped_count=0, restarted_count=0
 full_count=0

Compilation events (20 events):
Event: 14.016 Thread 0x000001fbccf54800 2423       3       jdk.internal.org.objectweb.asm.ClassWriter::visitField (16 bytes)
Event: 14.016 Thread 0x000001fbccf54800 nmethod 2423 0x000001fbb6f0de90 code [0x000001fbb6f0e040, 0x000001fbb6f0e208]
Event: 14.016 Thread 0x000001fbccf54800 2425       3       jdk.internal.org.objectweb.asm.MethodVisitor::visitFieldInsn (20 bytes)
Event: 14.016 Thread 0x000001fbccf54800 nmethod 2425 0x000001fbb6f0e310 code [0x000001fbb6f0e4c0, 0x000001fbb6f0e6a8]
Event: 14.016 Thread 0x000001fbccf54800 2424       3       jdk.internal.org.objectweb.asm.FieldWriter::<init> (97 bytes)
Event: 14.017 Thread 0x000001fbccf54800 nmethod 2424 0x000001fbb6f0e790 code [0x000001fbb6f0e9c0, 0x000001fbb6f0ef48]
Event: 14.021 Thread 0x000001fbccf54800 2427       3       java.lang.invoke.MethodHandles$Lookup::getDirectMethodNoSecurityManager (18 bytes)
Event: 14.021 Thread 0x000001fbccf54800 nmethod 2427 0x000001fbb6f0f190 code [0x000001fbb6f0f340, 0x000001fbb6f0f488]
Event: 14.021 Thread 0x000001fbccf54800 2428       3       java.lang.invoke.MethodHandles$Lookup::lookupModes (8 bytes)
Event: 14.021 Thread 0x000001fbccf54800 nmethod 2428 0x000001fbb6f0f590 code [0x000001fbb6f0f740, 0x000001fbb6f0f838]
Event: 14.022 Thread 0x000001fbccf54800 2429       3       java.lang.invoke.Invokers::checkExactType (17 bytes)
Event: 14.022 Thread 0x000001fbccf54800 nmethod 2429 0x000001fbb6f0f910 code [0x000001fbb6f0fac0, 0x000001fbb6f0fca8]
Event: 14.023 Thread 0x000001fbccf54800 2430       3       java.lang.invoke.MethodHandleNatives::linkCallSite (66 bytes)
Event: 14.023 Thread 0x000001fbccf54800 nmethod 2430 0x000001fbb6f0fd90 code [0x000001fbb6f0ff80, 0x000001fbb6f10488]
Event: 14.023 Thread 0x000001fbccf54800 2431       3       java.lang.invoke.MethodHandleNatives::linkCallSiteImpl (44 bytes)
Event: 14.024 Thread 0x000001fbccf54800 nmethod 2431 0x000001fbb6f10610 code [0x000001fbb6f10840, 0x000001fbb6f10fd8]
Event: 14.024 Thread 0x000001fbccf54800 2432       3       java.lang.invoke.ConstantCallSite::<init> (11 bytes)
Event: 14.025 Thread 0x000001fbccf54800 nmethod 2432 0x000001fbb6f11290 code [0x000001fbb6f114c0, 0x000001fbb6f11c88]
Event: 14.025 Thread 0x000001fbccf54800 2436       3       java.net.URI::match (56 bytes)
Event: 14.026 Thread 0x000001fbccf54800 nmethod 2436 0x000001fbb6f12010 code [0x000001fbb6f121c0, 0x000001fbb6f12478]

GC Heap History (12 events):
Event: 3.481 GC heap before
{Heap before GC invocations=0 (full 0):
 garbage-first heap   total 188416K, used 16384K [0x0000000080000000, 0x0000000100000000)
  region size 1024K, 14 young (14336K), 0 survivors (0K)
 Metaspace       used 6748K, capacity 6929K, committed 7168K, reserved 1056768K
  class space    used 571K, capacity 650K, committed 768K, reserved 1048576K
}
Event: 3.514 GC heap after
{Heap after GC invocations=1 (full 0):
 garbage-first heap   total 188416K, used 4128K [0x0000000080000000, 0x0000000100000000)
  region size 1024K, 2 young (2048K), 2 survivors (2048K)
 Metaspace       used 6748K, capacity 6929K, committed 7168K, reserved 1056768K
  class space    used 571K, capacity 650K, committed 768K, reserved 1048576K
}
Event: 4.131 GC heap before
{Heap before GC invocations=1 (full 0):
 garbage-first heap   total 188416K, used 18464K [0x0000000080000000, 0x0000000100000000)
  region size 1024K, 13 young (13312K), 2 survivors (2048K)
 Metaspace       used 9895K, capacity 10122K, committed 10368K, reserved 1058816K
  class space    used 1009K, capacity 1102K, committed 1152K, reserved 1048576K
}
Event: 4.134 GC heap after
{Heap after GC invocations=2 (full 0):
 garbage-first heap   total 188416K, used 9406K [0x0000000080000000, 0x0000000100000000)
  region size 1024K, 2 young (2048K), 2 survivors (2048K)
 Metaspace       used 9895K, capacity 10122K, committed 10368K, reserved 1058816K
  class space    used 1009K, capacity 1102K, committed 1152K, reserved 1048576K
}
Event: 5.436 GC heap before
{Heap before GC invocations=2 (full 0):
 garbage-first heap   total 188416K, used 41150K [0x0000000080000000, 0x0000000100000000)
  region size 1024K, 32 young (32768K), 2 survivors (2048K)
 Metaspace       used 10980K, capacity 11205K, committed 11520K, reserved 1058816K
  class space    used 1114K, capacity 1207K, committed 1280K, reserved 1048576K
}
Event: 5.440 GC heap after
{Heap after GC invocations=3 (full 0):
 garbage-first heap   total 188416K, used 13401K [0x0000000080000000, 0x0000000100000000)
  region size 1024K, 4 young (4096K), 4 survivors (4096K)
 Metaspace       used 10980K, capacity 11205K, committed 11520K, reserved 1058816K
  class space    used 1114K, capacity 1207K, committed 1280K, reserved 1048576K
}
Event: 10.919 GC heap before
{Heap before GC invocations=3 (full 0):
 garbage-first heap   total 188416K, used 56409K [0x0000000080000000, 0x0000000100000000)
  region size 1024K, 46 young (47104K), 4 survivors (4096K)
 Metaspace       used 18636K, capacity 19072K, committed 19328K, reserved 1067008K
  class space    used 2174K, capacity 2332K, committed 2432K, reserved 1048576K
}
Event: 10.927 GC heap after
{Heap after GC invocations=4 (full 0):
 garbage-first heap   total 188416K, used 16591K [0x0000000080000000, 0x0000000100000000)
  region size 1024K, 6 young (6144K), 6 survivors (6144K)
 Metaspace       used 18636K, capacity 19072K, committed 19328K, reserved 1067008K
  class space    used 2174K, capacity 2332K, committed 2432K, reserved 1048576K
}
Event: 11.309 GC heap before
{Heap before GC invocations=4 (full 0):
 garbage-first heap   total 188416K, used 33999K [0x0000000080000000, 0x0000000100000000)
  region size 1024K, 24 young (24576K), 6 survivors (6144K)
 Metaspace       used 20840K, capacity 21222K, committed 21296K, reserved 1069056K
  class space    used 2505K, capacity 2665K, committed 2688K, reserved 1048576K
}
Event: 11.317 GC heap after
{Heap after GC invocations=5 (full 0):
 garbage-first heap   total 188416K, used 17334K [0x0000000080000000, 0x0000000100000000)
  region size 1024K, 4 young (4096K), 4 survivors (4096K)
 Metaspace       used 20840K, capacity 21222K, committed 21296K, reserved 1069056K
  class space    used 2505K, capacity 2665K, committed 2688K, reserved 1048576K
}
Event: 14.027 GC heap before
{Heap before GC invocations=6 (full 0):
 garbage-first heap   total 188416K, used 75702K [0x0000000080000000, 0x0000000100000000)
  region size 1024K, 62 young (63488K), 4 survivors (4096K)
 Metaspace       used 27329K, capacity 28045K, committed 28156K, reserved 1079296K
  class space    used 3564K, capacity 3847K, committed 3916K, reserved 1048576K
}
Event: 14.039 GC heap after
{Heap after GC invocations=7 (full 0):
 garbage-first heap   total 188416K, used 19498K [0x0000000080000000, 0x0000000100000000)
  region size 1024K, 6 young (6144K), 6 survivors (6144K)
 Metaspace       used 27329K, capacity 28045K, committed 28156K, reserved 1079296K
  class space    used 3564K, capacity 3847K, committed 3916K, reserved 1048576K
}

Deoptimization events (20 events):
Event: 11.498 Thread 0x000001fbcd010800 Uncommon trap: trap_request=0xffffff4d fr.pc=0x000001fbbe045bb0 relative=0x00000000000003b0
Event: 11.498 Thread 0x000001fbcd010800 Uncommon trap: reason=unstable_if action=reinterpret pc=0x000001fbbe045bb0 method=jdk.internal.org.objectweb.asm.Type.getArgumentsAndReturnSizes(Ljava/lang/String;)I @ 88 c2
Event: 11.498 Thread 0x000001fbcd010800 DEOPT PACKING pc=0x000001fbbe045bb0 sp=0x000000564fcf94e0
Event: 11.498 Thread 0x000001fbcd010800 DEOPT UNPACKING pc=0x000001fbb64ca1af sp=0x000000564fcf9468 mode 2
Event: 13.133 Thread 0x000001fbcd010800 Uncommon trap: trap_request=0xffffff4d fr.pc=0x000001fbbdf9cf80 relative=0x0000000000000240
Event: 13.133 Thread 0x000001fbcd010800 Uncommon trap: reason=unstable_if action=reinterpret pc=0x000001fbbdf9cf80 method=java.util.concurrent.ConcurrentHashMap.get(Ljava/lang/Object;)Ljava/lang/Object; @ 76 c2
Event: 13.133 Thread 0x000001fbcd010800 DEOPT PACKING pc=0x000001fbbdf9cf80 sp=0x000000564fcf8720
Event: 13.133 Thread 0x000001fbcd010800 DEOPT UNPACKING pc=0x000001fbb64ca1af sp=0x000000564fcf8688 mode 2
Event: 13.710 Thread 0x000001fbcd010800 Uncommon trap: trap_request=0xffffff7e fr.pc=0x000001fbbe08861c relative=0x000000000000015c
Event: 13.710 Thread 0x000001fbcd010800 Uncommon trap: reason=predicate action=maybe_recompile pc=0x000001fbbe08861c method=com.google.common.base.CharMatcher.indexIn(Ljava/lang/CharSequence;I)I @ 19 c2
Event: 13.710 Thread 0x000001fbcd010800 DEOPT PACKING pc=0x000001fbbe08861c sp=0x000000564fcfb4c0
Event: 13.710 Thread 0x000001fbcd010800 DEOPT UNPACKING pc=0x000001fbb64ca1af sp=0x000000564fcfb450 mode 2
Event: 13.957 Thread 0x000001fbcd010800 Uncommon trap: trap_request=0xffffff4d fr.pc=0x000001fbbdf9f264 relative=0x00000000000001a4
Event: 13.957 Thread 0x000001fbcd010800 Uncommon trap: reason=unstable_if action=reinterpret pc=0x000001fbbdf9f264 method=java.net.URI.match(CJJ)Z @ 19 c2
Event: 13.957 Thread 0x000001fbcd010800 DEOPT PACKING pc=0x000001fbbdf9f264 sp=0x000000564fcfb970
Event: 13.957 Thread 0x000001fbcd010800 DEOPT UNPACKING pc=0x000001fbb64ca1af sp=0x000000564fcfb870 mode 2
Event: 13.957 Thread 0x000001fbcd010800 Uncommon trap: trap_request=0xffffff4d fr.pc=0x000001fbbdf631e8 relative=0x0000000000000048
Event: 13.957 Thread 0x000001fbcd010800 Uncommon trap: reason=unstable_if action=reinterpret pc=0x000001fbbdf631e8 method=java.net.URI.match(CJJ)Z @ 19 c2
Event: 13.957 Thread 0x000001fbcd010800 DEOPT PACKING pc=0x000001fbbdf631e8 sp=0x000000564fcfb8b0
Event: 13.957 Thread 0x000001fbcd010800 DEOPT UNPACKING pc=0x000001fbb64ca1af sp=0x000000564fcfb860 mode 2

Classes redefined (0 events):
No events

Internal exceptions (20 events):
Event: 11.577 Thread 0x000001fbcd010800 Exception <a 'java/lang/NoSuchMethodError'{0x000000008aa06130}: 'void java.lang.invoke.DirectMethodHandle$Holder.invokeSpecial(java.lang.Object, java.lang.Object, java.lang.Object, java.lang.Object, java.lang.Object)'> (0x000000008aa06130) thrown at [src/hotspot/share/interpreter/linkResolver.cpp, line 773]
Event: 11.607 Thread 0x000001fbcd010800 Exception <a 'java/lang/NoSuchMethodError'{0x000000008a871ec8}: 'java.lang.Object java.lang.invoke.DirectMethodHandle$Holder.invokeSpecial(java.lang.Object, java.lang.Object, java.lang.Object, java.lang.Object, java.lang.Object, java.lang.Object, java.lang.Object, java.lang.Object, java.lang.Object)'> (0x000000008a871ec8) thrown at [src/hotspot/share/interpreter/linkResolver.cpp, line 773]
Event: 12.944 Thread 0x000001fbcd010800 Exception <a 'java/lang/NoSuchMethodError'{0x0000000089a15228}: 'java.lang.Object java.lang.invoke.DirectMethodHandle$Holder.invokeVirtual(java.lang.Object, java.lang.Object, java.lang.Object, java.lang.Object)'> (0x0000000089a15228) thrown at [src/hotspot/share/interpreter/linkResolver.cpp, line 773]
Event: 13.194 Thread 0x000001fbcd010800 Exception <a 'java/lang/NoSuchMethodError'{0x0000000089487770}: 'void java.lang.invoke.DirectMethodHandle$Holder.invokeSpecial(java.lang.Object, java.lang.Object, java.lang.Object, java.lang.Object, java.lang.Object, java.lang.Object)'> (0x0000000089487770) thrown at [src/hotspot/share/interpreter/linkResolver.cpp, line 773]
Event: 13.199 Thread 0x000001fbcd010800 Exception <a 'java/lang/NoSuchMethodError'{0x00000000894b4e20}: 'java.lang.Object java.lang.invoke.DirectMethodHandle$Holder.invokeSpecial(java.lang.Object, java.lang.Object, java.lang.Object, java.lang.Object, java.lang.Object, java.lang.Object, java.lang.Object, java.lang.Object, int, int)'> (0x00000000894b4e20) thrown at [src/hotspot/share/interpreter/linkResolver.cpp, line 773]
Event: 13.203 Thread 0x000001fbcd010800 Exception <a 'java/lang/NoSuchMethodError'{0x00000000894d10c0}: 'java.lang.Object java.lang.invoke.Invokers$Holder.linkToTargetMethod(java.lang.Object, java.lang.Object, java.lang.Object, java.lang.Object, java.lang.Object, java.lang.Object, java.lang.Object)'> (0x00000000894d10c0) thrown at [src/hotspot/share/interpreter/linkResolver.cpp, line 773]
Event: 13.235 Thread 0x000001fbcd010800 Exception <a 'java/lang/NoSuchMethodError'{0x00000000893dec60}: 'void java.lang.invoke.DirectMethodHandle$Holder.invokeSpecial(java.lang.Object, java.lang.Object, java.lang.Object, java.lang.Object, java.lang.Object, java.lang.Object, java.lang.Object)'> (0x00000000893dec60) thrown at [src/hotspot/share/interpreter/linkResolver.cpp, line 773]
Event: 13.245 Thread 0x000001fbcd010800 Exception <a 'java/lang/NoSuchMethodError'{0x00000000892213c0}: 'java.lang.Object java.lang.invoke.DirectMethodHandle$Holder.invokeStatic(java.lang.Object, java.lang.Object, java.lang.Object, int, java.lang.Object, java.lang.Object)'> (0x00000000892213c0) thrown at [src/hotspot/share/interpreter/linkResolver.cpp, line 773]
Event: 13.245 Thread 0x000001fbcd010800 Exception <a 'java/lang/NoSuchMethodError'{0x0000000089228ad0}: 'java.lang.Object java.lang.invoke.Invokers$Holder.linkToTargetMethod(java.lang.Object, java.lang.Object, int, java.lang.Object, java.lang.Object, java.lang.Object)'> (0x0000000089228ad0) thrown at [src/hotspot/share/interpreter/linkResolver.cpp, line 773]
Event: 13.350 Thread 0x000001fbcd010800 Exception <a 'java/lang/NoSuchMethodError'{0x00000000891d7370}: 'java.lang.Object java.lang.invoke.DirectMethodHandle$Holder.invokeVirtual(java.lang.Object, java.lang.Object, java.lang.Object, java.lang.Object, java.lang.Object, java.lang.Object, java.lang.Object, java.lang.Object, java.lang.Object, java.lang.Object, java.lang.Object, java.lang.Object, java.lang.Object, java.lang.Object, java.lang.Object, java.lang.Object, java.lang.Object, java.lang.Object, java.lang.Object, java.lang.Object, java.lang.Ob
Event: 13.444 Thread 0x000001fbcd010800 Exception <a 'java/lang/NoSuchMethodError'{0x00000000889c5cf0}: 'int java.lang.invoke.DirectMethodHandle$Holder.invokeStaticInit(java.lang.Object, java.lang.Object, java.lang.Object)'> (0x00000000889c5cf0) thrown at [src/hotspot/share/interpreter/linkResolver.cpp, line 773]
Event: 13.591 Thread 0x000001fbcd010800 Exception <a 'java/lang/NoSuchMethodError'{0x0000000088468040}: 'void java.lang.invoke.DirectMethodHandle$Holder.invokeStaticInit(java.lang.Object, java.lang.Object)'> (0x0000000088468040) thrown at [src/hotspot/share/interpreter/linkResolver.cpp, line 773]
Event: 13.894 Thread 0x000001fbcd010800 Exception <a 'java/lang/NoSuchMethodError'{0x0000000087e77e20}: 'void java.lang.invoke.DirectMethodHandle$Holder.invokeStatic(java.lang.Object, java.lang.Object, java.lang.Object, java.lang.Object)'> (0x0000000087e77e20) thrown at [src/hotspot/share/interpreter/linkResolver.cpp, line 773]
Event: 13.898 Thread 0x000001fbcd010800 Exception <a 'java/lang/NoSuchMethodError'{0x0000000087e96558}: 'int java.lang.invoke.DirectMethodHandle$Holder.invokeVirtual(java.lang.Object, java.lang.Object)'> (0x0000000087e96558) thrown at [src/hotspot/share/interpreter/linkResolver.cpp, line 773]
Event: 13.902 Thread 0x000001fbcd010800 Exception <a 'java/lang/NoSuchMethodError'{0x0000000087eaebc8}: 'java.lang.Object java.lang.invoke.DirectMethodHandle$Holder.invokeVirtual(java.lang.Object, java.lang.Object, java.lang.Object)'> (0x0000000087eaebc8) thrown at [src/hotspot/share/interpreter/linkResolver.cpp, line 773]
Event: 13.905 Thread 0x000001fbcd010800 Exception <a 'java/lang/NoSuchMethodError'{0x0000000087ec9228}: 'int java.lang.invoke.DirectMethodHandle$Holder.invokeVirtual(java.lang.Object, java.lang.Object, java.lang.Object)'> (0x0000000087ec9228) thrown at [src/hotspot/share/interpreter/linkResolver.cpp, line 773]
Event: 13.974 Thread 0x000001fbcfa24800 Exception <a 'java/lang/NoSuchMethodError'{0x000000008b3f0738}: 'void java.lang.invoke.DirectMethodHandle$Holder.invokeSpecial(java.lang.Object, java.lang.Object)'> (0x000000008b3f0738) thrown at [src/hotspot/share/interpreter/linkResolver.cpp, line 773]
Event: 14.020 Thread 0x000001fbcd010800 Exception <a 'java/lang/NoSuchMethodError'{0x0000000087a55df0}: 'int java.lang.invoke.DirectMethodHandle$Holder.invokeInterface(java.lang.Object, java.lang.Object)'> (0x0000000087a55df0) thrown at [src/hotspot/share/interpreter/linkResolver.cpp, line 773]
Event: 14.024 Thread 0x000001fbcd010800 Exception <a 'java/lang/NoSuchMethodError'{0x0000000087a8c900}: 'java.lang.Object java.lang.invoke.DirectMethodHandle$Holder.invokeStatic(java.lang.Object, java.lang.Object, int, java.lang.Object)'> (0x0000000087a8c900) thrown at [src/hotspot/share/interpreter/linkResolver.cpp, line 773]
Event: 14.025 Thread 0x000001fbcd010800 Exception <a 'java/lang/NoSuchMethodError'{0x0000000087a966f8}: 'java.lang.Object java.lang.invoke.Invokers$Holder.linkToTargetMethod(java.lang.Object, int, java.lang.Object, java.lang.Object)'> (0x0000000087a966f8) thrown at [src/hotspot/share/interpreter/linkResolver.cpp, line 773]

Events (20 events):
Event: 14.019 loading class org/gradle/internal/snapshot/ChildMap$NodeHandler done
Event: 14.020 loading class org/gradle/internal/snapshot/FileSystemNode
Event: 14.020 loading class org/gradle/internal/snapshot/FileSystemNode done
Event: 14.021 loading class org/gradle/internal/classpath/DefaultCachedClasspathTransformer
Event: 14.021 loading class org/gradle/internal/classpath/DefaultCachedClasspathTransformer done
Event: 14.021 loading class org/gradle/internal/Either
Event: 14.021 loading class org/gradle/internal/Either done
Event: 14.021 loading class org/gradle/internal/Either$Left
Event: 14.021 loading class org/gradle/internal/Either$Left done
Event: 14.022 loading class org/gradle/internal/Either$Right
Event: 14.022 loading class org/gradle/internal/Either$Right done
Event: 14.022 loading class org/gradle/internal/Either
Event: 14.022 loading class org/gradle/internal/Either done
Event: 14.022 loading class org/gradle/internal/Either
Event: 14.022 loading class org/gradle/internal/Either done
Event: 14.023 loading class org/gradle/internal/Either
Event: 14.023 loading class org/gradle/internal/Either done
Event: 14.026 loading class org/gradle/internal/snapshot/SnapshotUtil$1
Event: 14.026 loading class org/gradle/internal/snapshot/SnapshotUtil$1 done
Event: 14.027 Executing VM operation: CollectForMetadataAllocation


Dynamic libraries:
0x00007ff76f490000 - 0x00007ff76f49a000 	C:\Program Files\Android\Android Studio\jbr\bin\java.exe
0x00007ffb8b430000 - 0x00007ffb8b628000 	C:\WINDOWS\SYSTEM32\ntdll.dll
0x00007ffb89f20000 - 0x00007ffb89fdd000 	C:\WINDOWS\System32\KERNEL32.DLL
0x00007ffb88d30000 - 0x00007ffb89026000 	C:\WINDOWS\System32\KERNELBASE.dll
0x00007ffb89030000 - 0x00007ffb89130000 	C:\WINDOWS\System32\ucrtbase.dll
0x00007ffb74eb0000 - 0x00007ffb74ecb000 	C:\Program Files\Android\Android Studio\jbr\bin\VCRUNTIME140.dll
0x00007ffb763c0000 - 0x00007ffb763d7000 	C:\Program Files\Android\Android Studio\jbr\bin\jli.dll
0x00007ffb89710000 - 0x00007ffb898af000 	C:\WINDOWS\System32\USER32.dll
0x00007ffb88ae0000 - 0x00007ffb88b02000 	C:\WINDOWS\System32\win32u.dll
0x00007ffb89de0000 - 0x00007ffb89e0b000 	C:\WINDOWS\System32\GDI32.dll
0x00007ffb88b60000 - 0x00007ffb88c77000 	C:\WINDOWS\System32\gdi32full.dll
0x00007ffb891c0000 - 0x00007ffb8925d000 	C:\WINDOWS\System32\msvcp_win.dll
0x00007ffb72960000 - 0x00007ffb72bfa000 	C:\WINDOWS\WinSxS\amd64_microsoft.windows.common-controls_6595b64144ccf1df_6.0.19041.4355_none_60b8b9eb71f62e16\COMCTL32.dll
0x00007ffb8a230000 - 0x00007ffb8a2ce000 	C:\WINDOWS\System32\msvcrt.dll
0x00007ffb898c0000 - 0x00007ffb898f2000 	C:\WINDOWS\System32\IMM32.DLL
0x00007ffb66230000 - 0x00007ffb662bd000 	C:\Program Files\Android\Android Studio\jbr\bin\msvcp140.dll
0x00007ffb6bc00000 - 0x00007ffb6bc0c000 	C:\WINDOWS\SYSTEM32\VCRUNTIME140_1.dll
0x00007ffb3ae40000 - 0x00007ffb3b9fc000 	C:\Program Files\Android\Android Studio\jbr\bin\server\jvm.dll
0x00007ffb8a740000 - 0x00007ffb8a7f0000 	C:\WINDOWS\System32\ADVAPI32.dll
0x00007ffb8b2a0000 - 0x00007ffb8b340000 	C:\WINDOWS\System32\sechost.dll
0x00007ffb8a8d0000 - 0x00007ffb8a9f3000 	C:\WINDOWS\System32\RPCRT4.dll
0x00007ffb89430000 - 0x00007ffb89457000 	C:\WINDOWS\System32\bcrypt.dll
0x00007ffb89470000 - 0x00007ffb89478000 	C:\WINDOWS\System32\PSAPI.DLL
0x00007ffb85860000 - 0x00007ffb85869000 	C:\WINDOWS\SYSTEM32\WSOCK32.dll
0x00007ffb726f0000 - 0x00007ffb72717000 	C:\WINDOWS\SYSTEM32\WINMM.dll
0x00007ffb8aa00000 - 0x00007ffb8aa6b000 	C:\WINDOWS\System32\WS2_32.dll
0x00007ffb7c510000 - 0x00007ffb7c51a000 	C:\WINDOWS\SYSTEM32\VERSION.dll
0x00007ffb87340000 - 0x00007ffb87352000 	C:\WINDOWS\SYSTEM32\kernel.appcore.dll
0x00007ffb85850000 - 0x00007ffb85860000 	C:\Program Files\Android\Android Studio\jbr\bin\verify.dll
0x00007ffb77980000 - 0x00007ffb77b64000 	C:\WINDOWS\SYSTEM32\DBGHELP.DLL
0x00007ffb77940000 - 0x00007ffb77974000 	C:\WINDOWS\SYSTEM32\dbgcore.DLL
0x00007ffb89130000 - 0x00007ffb891b2000 	C:\WINDOWS\System32\bcryptPrimitives.dll
0x00007ffb792d0000 - 0x00007ffb792f8000 	C:\Program Files\Android\Android Studio\jbr\bin\java.dll
0x00007ffb85840000 - 0x00007ffb8584a000 	C:\Program Files\Android\Android Studio\jbr\bin\jimage.dll
0x00007ffb77890000 - 0x00007ffb778a8000 	C:\Program Files\Android\Android Studio\jbr\bin\zip.dll
0x00007ffb8aad0000 - 0x00007ffb8b23b000 	C:\WINDOWS\System32\SHELL32.dll
0x00007ffb865b0000 - 0x00007ffb86d4d000 	C:\WINDOWS\SYSTEM32\windows.storage.dll
0x00007ffb89a80000 - 0x00007ffb89dd3000 	C:\WINDOWS\System32\combase.dll
0x00007ffb88500000 - 0x00007ffb8852e000 	C:\WINDOWS\SYSTEM32\Wldp.dll
0x00007ffb899b0000 - 0x00007ffb89a7d000 	C:\WINDOWS\System32\OLEAUT32.dll
0x00007ffb8b340000 - 0x00007ffb8b3ed000 	C:\WINDOWS\System32\SHCORE.dll
0x00007ffb8aa70000 - 0x00007ffb8aac5000 	C:\WINDOWS\System32\shlwapi.dll
0x00007ffb88a10000 - 0x00007ffb88a34000 	C:\WINDOWS\SYSTEM32\profapi.dll
0x00007ffb83100000 - 0x00007ffb83119000 	C:\Program Files\Android\Android Studio\jbr\bin\net.dll
0x00007ffb7fbf0000 - 0x00007ffb7fcfa000 	C:\WINDOWS\SYSTEM32\WINHTTP.dll
0x00007ffb88260000 - 0x00007ffb882ca000 	C:\WINDOWS\system32\mswsock.dll
0x00007ffb82d40000 - 0x00007ffb82d53000 	C:\Program Files\Android\Android Studio\jbr\bin\nio.dll
0x00007ffb764d0000 - 0x00007ffb764f7000 	C:\Users\hafiz\.gradle\native\e1d6ef7f7dcc3fd88c89a11ec53ec762bb8ba0a96d01ffa2cd45eb1d1d8dd5c5\windows-amd64\native-platform.dll
0x00007ffb613d0000 - 0x00007ffb61514000 	C:\Users\hafiz\.gradle\native\0d407fdbe67a94daf76414ababcb853783967236a71b16ec16e742cd7a986fd3\windows-amd64\native-platform-file-events.dll
0x00007ffb83d60000 - 0x00007ffb83d6a000 	C:\Program Files\Android\Android Studio\jbr\bin\management.dll
0x00007ffb83cd0000 - 0x00007ffb83cdb000 	C:\Program Files\Android\Android Studio\jbr\bin\management_ext.dll
0x00007ffb88450000 - 0x00007ffb88468000 	C:\WINDOWS\SYSTEM32\CRYPTSP.dll
0x00007ffb87b10000 - 0x00007ffb87b44000 	C:\WINDOWS\system32\rsaenh.dll
0x00007ffb88980000 - 0x00007ffb889ae000 	C:\WINDOWS\SYSTEM32\USERENV.dll
0x00007ffb88470000 - 0x00007ffb8847c000 	C:\WINDOWS\SYSTEM32\CRYPTBASE.dll
0x00007ffb87ef0000 - 0x00007ffb87f2b000 	C:\WINDOWS\SYSTEM32\IPHLPAPI.DLL
0x00007ffb89460000 - 0x00007ffb89468000 	C:\WINDOWS\System32\NSI.dll
0x00007ffb81110000 - 0x00007ffb81127000 	C:\WINDOWS\SYSTEM32\dhcpcsvc6.DLL
0x00007ffb81040000 - 0x00007ffb8105d000 	C:\WINDOWS\SYSTEM32\dhcpcsvc.DLL
0x00007ffb87f30000 - 0x00007ffb87ffb000 	C:\WINDOWS\SYSTEM32\DNSAPI.dll

dbghelp: loaded successfully - version: 4.0.5 - missing functions: none
symbol engine: initialized successfully - sym options: 0x614 - pdb path: .;C:\Program Files\Android\Android Studio\jbr\bin;C:\WINDOWS\SYSTEM32;C:\WINDOWS\WinSxS\amd64_microsoft.windows.common-controls_6595b64144ccf1df_6.0.19041.4355_none_60b8b9eb71f62e16;C:\Program Files\Android\Android Studio\jbr\bin\server;C:\Users\hafiz\.gradle\native\e1d6ef7f7dcc3fd88c89a11ec53ec762bb8ba0a96d01ffa2cd45eb1d1d8dd5c5\windows-amd64;C:\Users\hafiz\.gradle\native\0d407fdbe67a94daf76414ababcb853783967236a71b16ec16e742cd7a986fd3\windows-amd64

VM Arguments:
jvm_args: --add-opens=java.base/java.util=ALL-UNNAMED --add-opens=java.base/java.lang=ALL-UNNAMED --add-opens=java.base/java.lang.invoke=ALL-UNNAMED --add-opens=java.base/java.util=ALL-UNNAMED --add-opens=java.prefs/java.util.prefs=ALL-UNNAMED --add-opens=java.prefs/java.util.prefs=ALL-UNNAMED --add-opens=java.base/java.nio.charset=ALL-UNNAMED --add-opens=java.base/java.net=ALL-UNNAMED --add-opens=java.base/java.util.concurrent.atomic=ALL-UNNAMED -Xmx2048m -Dfile.encoding=UTF-8 -Duser.country=US -Duser.language=en -Duser.variant 
java_command: org.gradle.launcher.daemon.bootstrap.GradleDaemon 7.5
java_class_path (initial): C:\Users\hafiz\.gradle\wrapper\dists\gradle-7.5-bin\f1w0cc9nuo0eivz97x2xlu9sv\gradle-7.5\lib\gradle-launcher-7.5.jar
Launcher Type: SUN_STANDARD

[Global flags]
     intx CICompilerCount                          = 3                                         {product} {ergonomic}
     uint ConcGCThreads                            = 1                                         {product} {ergonomic}
     uint G1ConcRefinementThreads                  = 4                                         {product} {ergonomic}
   size_t G1HeapRegionSize                         = 1048576                                   {product} {ergonomic}
    uintx GCDrainStackTargetSize                   = 64                                        {product} {ergonomic}
   size_t InitialHeapSize                          = 192937984                                 {product} {ergonomic}
   size_t MarkStackSize                            = 4194304                                   {product} {ergonomic}
   size_t MaxHeapSize                              = 2147483648                                {product} {command line}
   size_t MaxNewSize                               = 1287651328                                {product} {ergonomic}
   size_t MinHeapDeltaBytes                        = 1048576                                   {product} {ergonomic}
    uintx NonNMethodCodeHeapSize                   = 5830732                                {pd product} {ergonomic}
    uintx NonProfiledCodeHeapSize                  = 122913754                              {pd product} {ergonomic}
    uintx ProfiledCodeHeapSize                     = 122913754                              {pd product} {ergonomic}
    uintx ReservedCodeCacheSize                    = 251658240                              {pd product} {ergonomic}
     bool SegmentedCodeCache                       = true                                      {product} {ergonomic}
     bool UseCompressedClassPointers               = true                                 {lp64_product} {ergonomic}
     bool UseCompressedOops                        = true                                 {lp64_product} {ergonomic}
     bool UseG1GC                                  = true                                      {product} {ergonomic}
     bool UseLargePagesIndividualAllocation        = false                                  {pd product} {ergonomic}

Logging:
Log output configuration:
 #0: stdout all=warning uptime,level,tags
 #1: stderr all=off uptime,level,tags

Environment Variables:
PATH=C:\Program Files\Common Files\Oracle\Java\javapath;C:\WINDOWS\system32;C:\WINDOWS;C:\WINDOWS\System32\Wbem;C:\WINDOWS\System32\WindowsPowerShell\v1.0\;C:\WINDOWS\System32\OpenSSH\;C:\Users\hafiz\AppData\Local\Microsoft\WindowsApps;F:\FlutterSDK\bin;
USERNAME=hafiz
OS=Windows_NT
PROCESSOR_IDENTIFIER=Intel64 Family 6 Model 60 Stepping 3, GenuineIntel



---------------  S Y S T E M  ---------------

OS: Windows 10 , 64 bit Build 19041 (10.0.19041.3636)
OS uptime: 3 days 8:25 hours

CPU:total 4 (initial active 4) (2 cores per cpu, 2 threads per core) family 6 model 60 stepping 3 microcode 0x27, cmov, cx8, fxsr, mmx, sse, sse2, sse3, ssse3, sse4.1, sse4.2, popcnt, avx, avx2, aes, clmul, erms, lzcnt, ht, tsc, tscinvbit, bmi1, bmi2, fma

Memory: 4k page, system-wide physical 11721M (1123M free)
TotalPageFile size 13769M (AvailPageFile size 0M)
current process WorkingSet (physical memory assigned to process): 197M, peak: 197M
current process commit charge ("private bytes"): 329M, peak: 331M

vm_info: OpenJDK 64-Bit Server VM (11.0.15+0-b2043.56-8887301) for windows-amd64 JRE (11.0.15+0-b2043.56-8887301), built on Jul 29 2022 23:19:47 by "builduser" with unknown MS VC++:1929

END.
